
bandi@HP MINGW64 /c/projects/eat/eat (master)
$ git status 
On branch master
Your branch is up to date with 'origin/master'.

Changes not staged for commit:
  (use "git add <file>..." to update what will be committed)
  (use "git restore <file>..." to discard changes in working directory)
        modified:   a1.txt
        modified:   anand.txt

no changes added to commit (use "git add" and/or "git commit -a")

bandi@HP MINGW64 /c/projects/eat/eat (master)
$ git status -s
 M a1.txt
 M anand.txt

bandi@HP MINGW64 /c/projects/eat/eat (master)
$ git status -s
 M a1.txt
 M anand.txt
?? ahahd.txt

bandi@HP MINGW64 /c/projects/eat/eat (master)
$ git status -s
 M a1.txt
 M anand.txt
 D korea.txt
?? ahahd.txt

bandi@HP MINGW64 /c/projects/eat/eat (master)
$ git commit -am "direct added"
[master bb4eef6] direct added
 3 files changed, 2 insertions(+), 3 deletions(-)
 delete mode 100644 korea.txt

bandi@HP MINGW64 /c/projects/eat/eat (master)
$ git status -s
?? ahahd.txt

bandi@HP MINGW64 /c/projects/eat/eat (master)
$